Microchip MPLAB XC8 Compiler V2.31

Linker command line:

-W-3 --edf=C:\Program Files\Microchip\xc8\v2.31\pic\dat\en_msgs.txt -cn \
  -h+dist/default/production\Lab_D2_5.X.production.sym \
  --cmf=dist/default/production\Lab_D2_5.X.production.cmf -z -Q16F887 \
  -oC:\Users\diego\AppData\Local\Temp\s2ro.2 --defsym=__MPLAB_BUILD=1 \
  -Mdist/default/production/Lab_D2_5.X.production.map -E1 -ver=XC8 Compiler \
  --acfsm=1493 -ASTACK=0110h-016Fh -pstack=STACK -ACODE=00h-07FFhx4 \
  -ASTRCODE=00h-01FFFh -ASTRING=00h-0FFhx32 -ACONST=00h-0FFhx32 \
  -AENTRY=00h-0FFhx32 -ACOMMON=070h-07Fh -ABANK0=020h-06Fh \
  -ABANK1=0A0h-0EFh -ABANK2=0110h-016Fh -ABANK3=0190h-01EFh \
  -ARAM=020h-06Fh,0A0h-0EFh,0110h-016Fh,0190h-01EFh \
  -AABS1=020h-07Fh,0A0h-0EFh,0110h-016Fh,0190h-01EFh -ASFR0=00h-01Fh \
  -ASFR1=080h-09Fh -ASFR2=0100h-010Fh -ASFR3=0180h-018Fh \
  -ACONFIG=02007h-02008h -DCONFIG=2 -AIDLOC=02000h-02003h -DIDLOC=2 \
  -AEEDATA=00h-0FFh/02100h -peeprom_data=EEDATA -DEEDATA=2 -DCODE=2 \
  -DSTRCODE=2 -DSTRING=2 -DCONST=2 -DENTRY=2 \
  -preset_vec=00h,intentry=04h,init,end_init -ppowerup=CODE -pcinit=CODE \
  -pfunctab=ENTRY -k C:\Users\diego\AppData\Local\Temp\s2ro.o \
  dist/default/production\Lab_D2_5.X.production.o 

Object code version is 3.11

Machine type is 16F887



                Name                               Link     Load   Length Selector   Space Scale
C:\Users\diego\AppData\Local\Temp\s2ro.o
                end_init                              C        C        3        8       0
                reset_vec                             0        0        3        0       0
                config                             2007     2007        2        0       4
dist/default/production\Lab_D2_5.X.production.o
                cinit                                 F        F       18        8       0
                functab                              27       27        9       4E       0
                intentry                              4        4        8        8       0
                config                             2007     2007        2        0       4
                text17                              5BB      5BB       2B      728       0
                text16                              60F      60F       25      728       0
                text15                              68A      68A       12      728       0
                text14                              29E      29E       83       60       0
                text13                              4C1      4C1       44      728       0
                text12                              57F      57F       3C      728       0
                text11                              69C      69C        9      728       0
                text10                              168      168      136       60       0
                text9                               634      634       21      728       0
                text8                               5E6      5E6       29      728       0
                text7                               542      542       3D      728       0
                text6                               3FF      3FF       69      728       0
                text5                               468      468       59      728       0
                text4                               394      394       6B      728       0
                text3                               655      655       1B      728       0
                text2                                30       30      138       60       0
                text1                               505      505       3D      728       0
                maintext                            670      670       1A      728       0
                cstackBANK0                          20       20       49       20       1
                cstackCOMMON                         70       70        A       70       1
                cstackBANK1                          AA       AA        5       A0       1
                bssBANK1                             A0       A0        A       A0       1
                bssBANK0                             69       69        4       20       1
                bssCOMMON                            7A       7A        2       70       1
                strings                             321      321       73      642       0

TOTAL           Name                               Link     Load   Length     Space
        CLASS   STACK          

        CLASS   CODE           
                end_init                              C        C        3         0
                cinit                                 F        F       18         0
                intentry                              4        4        8         0
                reset_vec                             0        0        3         0
                text17                              5BB      5BB       2B         0
                text16                              60F      60F       25         0
                text15                              68A      68A       12         0
                text14                              29E      29E       83         0
                text13                              4C1      4C1       44         0
                text12                              57F      57F       3C         0
                text11                              69C      69C        9         0
                text10                              168      168      136         0
                text9                               634      634       21         0
                text8                               5E6      5E6       29         0
                text7                               542      542       3D         0
                text6                               3FF      3FF       69         0
                text5                               468      468       59         0
                text4                               394      394       6B         0
                text3                               655      655       1B         0
                text2                                30       30      138         0
                text1                               505      505       3D         0
                maintext                            670      670       1A         0

        CLASS   STRCODE        

        CLASS   STRING         
                strings                             321      321       73         0

        CLASS   CONST          

        CLASS   ENTRY          
                functab                              27       27        9         0

        CLASS   COMMON         
                cstackCOMMON                         70       70        A         1
                bssCOMMON                            7A       7A        2         1

        CLASS   BANK0          
                cstackBANK0                          20       20       49         1
                bssBANK0                             69       69        4         1

        CLASS   BANK1          
                cstackBANK1                          AA       AA        5         1
                bssBANK1                             A0       A0        A         1

        CLASS   BANK2          

        CLASS   BANK3          

        CLASS   RAM            

        CLASS   ABS1           
                abs_s1                               7E       7E        2         1

        CLASS   SFR0           

        CLASS   SFR1           

        CLASS   SFR2           

        CLASS   SFR3           

        CLASS   CONFIG         
                config                             2007     2007        2         4

        CLASS   IDLOC          

        CLASS   EEDATA         



SEGMENTS        Name                           Load    Length   Top    Selector   Space  Class     Delta

                reset_vec                      000000  000003  000003         0       0  CODE        2
                intentry                       000004  000023  000027         8       0  CODE        2
                cstackBANK0                    000020  00004D  00006D        20       1  BANK0       1
                functab                        000027  000009  000030        4E       0  ENTRY       2
                text2                          000030  0002F1  000321        60       0  CODE        2
                cstackCOMMON                   000070  00000C  00007C        70       1  COMMON      1
                bssBANK1                       0000A0  00000F  0000AF        A0       1  BANK1       1
                strings                        000321  000073  000394       642       0  STRING      2
                text4                          000394  000311  0006A5       728       0  CODE        2


UNUSED ADDRESS RANGES

        Name                Unused          Largest block    Delta
        BANK0            006D-006F              3           1
        BANK1            00AF-00EF             41           1
        BANK2            0110-016F             60           1
        BANK3            0190-01EF             60           1
        CODE             0003-0003              1           2
                         06A5-1FFF            800
        COMMON           007C-007D              2           1
        CONST            0003-0003              1           2
                         06A5-1FFF            100
        EEDATA           2100-21FF            100           2
        ENTRY            0003-0003              1           2
                         06A5-1FFF            100
        IDLOC            2000-2003              4           2
        RAM              006D-006F              3           1
                         00AF-00EF             41
                         0110-016F             60
                         0190-01EF             60
        SFR0             0000-001F             20           1
        SFR1             0080-009F             20           1
        SFR2             0100-010F             10           1
        SFR3             0180-018F             10           1
        STACK            0110-016F             60           1
        STRCODE          0003-0003              1           2
                         06A5-1FFF           195B
        STRING           0003-0003              1           2
                         06A5-1FFF            100

                                  Symbol Table

?___awdiv                cstackCOMMON 0072
?___awmod                cstackCOMMON 0072
?___lwdiv                cstackCOMMON 0072
?___lwmod                cstackBANK0  0020
?___wmul                 cstackCOMMON 0072
?__doprnt                cstackBANK0  0026
?_atoi                   cstackCOMMON 0078
?_concat                 cstackBANK0  003A
?_printf                 cstackBANK0  0031
?_sprintf                cstackBANK0  0031
_ANSEL                   (abs)        0188
_ANSELH                  (abs)        0189
_BAUDCTLbits             (abs)        0187
_INTCONbits              (abs)        000B
_IOCBbits                (abs)        0096
_OPTION_REGbits          (abs)        0081
_OSCCONbits              (abs)        008F
_PIE1bits                (abs)        008C
_PIR1bits                (abs)        000C
_PORTA                   (abs)        0005
_PORTB                   (abs)        0006
_PORTBbits               (abs)        0006
_PORTC                   (abs)        0007
_PORTD                   (abs)        0008
_PORTE                   (abs)        0009
_RBIF                    (abs)        0058
_RCIF                    (abs)        0065
_RCREG                   (abs)        001A
_RCSTAbits               (abs)        0018
_SPBRG                   (abs)        0099
_SPBRGH                  (abs)        009A
_TRISA                   (abs)        0085
_TRISBbits               (abs)        0086
_TRISD                   (abs)        0088
_TXIF                    (abs)        0064
_TXREG                   (abs)        0019
_TXSTAbits               (abs)        0098
_Text                    text2        0030
_WPUB                    (abs)        0095
__Habs1                  abs1         0060
__Hbank0                 bank0        0060
__Hbank1                 bank1        0060
__Hbank2                 bank2        0060
__Hbank3                 bank3        0060
__HbssBANK0              bssBANK0     0060
__HbssBANK1              bssBANK1     0060
__HbssCOMMON             bssCOMMON    0060
__Hcinit                 cinit        0027
__Hclrtext               clrtext      0060
__Hcode                  code         0060
__Hcommon                common       0060
__Hconfig                config       2009
__HcstackBANK0           cstackBANK0  0060
__HcstackBANK1           cstackBANK1  0060
__HcstackCOMMON          cstackCOMMON 0060
__Heeprom_data           eeprom_data  0000
__Hend_init              end_init     000F
__Hfunctab               functab      0030
__Hinit                  init         000C
__Hintentry              intentry     000C
__Hmaintext              maintext     0060
__Hpowerup               powerup      0000
__Hram                   ram          0060
__Hreset_vec             reset_vec    0003
__Hsfr0                  sfr0         0060
__Hsfr1                  sfr1         0060
__Hsfr2                  sfr2         0060
__Hsfr3                  sfr3         0060
__Hspace_0               (abs)        06A5
__Hspace_1               (abs)        00AF
__Hspace_2               (abs)        0000
__Hspace_3               (abs)        0000
__Hspace_4               (abs)        4010
__Hstack                 stack        0000
__Hstrings               strings      0060
__Htext                  text         0060
__Labs1                  abs1         0060
__Lbank0                 bank0        0060
__Lbank1                 bank1        0060
__Lbank2                 bank2        0060
__Lbank3                 bank3        0060
__LbssBANK0              bssBANK0     0060
__LbssBANK1              bssBANK1     0060
__LbssCOMMON             bssCOMMON    0060
__Lcinit                 cinit        000F
__Lclrtext               clrtext      0060
__Lcode                  code         0060
__Lcommon                common       0060
__Lconfig                config       0000
__LcstackBANK0           cstackBANK0  0060
__LcstackBANK1           cstackBANK1  0060
__LcstackCOMMON          cstackCOMMON 0060
__Leeprom_data           eeprom_data  0000
__Lend_init              end_init     000C
__Lfunctab               functab      0027
__Linit                  init         000C
__Lintentry              intentry     0004
__Lmaintext              maintext     0060
__Lpowerup               powerup      0000
__Lram                   ram          0060
__Lreset_vec             reset_vec    0000
__Lsfr0                  sfr0         0060
__Lsfr1                  sfr1         0060
__Lsfr2                  sfr2         0060
__Lsfr3                  sfr3         0060
__Lspace_0               (abs)        0000
__Lspace_1               (abs)        0000
__Lspace_2               (abs)        0000
__Lspace_3               (abs)        0000
__Lspace_4               (abs)        0000
__Lstack                 stack        0000
__Lstrings               strings      0060
__Ltext                  text         0060
__S0                     (abs)        06A5
__S1                     (abs)        00AF
__S2                     (abs)        0000
__S3                     (abs)        0000
___awdiv                 text6        03FF
___awdiv@counter         cstackBANK0  0020
___awdiv@dividend        cstackCOMMON 0074
___awdiv@divisor         cstackCOMMON 0072
___awdiv@quotient        cstackBANK0  0022
___awdiv@sign            cstackBANK0  0021
___awmod                 text5        0468
___awmod@counter         cstackCOMMON 0077
___awmod@dividend        cstackCOMMON 0074
___awmod@divisor         cstackCOMMON 0072
___awmod@sign            cstackCOMMON 0078
___int_sp                stack        0000
___latbits               (abs)        0002
___lwdiv                 text13       04C1
___lwdiv@counter         cstackCOMMON 0079
___lwdiv@dividend        cstackCOMMON 0074
___lwdiv@divisor         cstackCOMMON 0072
___lwdiv@quotient        cstackCOMMON 0077
___lwmod                 text12       057F
___lwmod@counter         cstackBANK0  0025
___lwmod@dividend        cstackBANK0  0022
___lwmod@divisor         cstackBANK0  0020
___sp                    stack        0000
___stackhi               (abs)        0000
___stacklo               (abs)        0000
___wmul                  text16       060F
___wmul@multiplicand     cstackCOMMON 0074
___wmul@multiplier       cstackCOMMON 0072
___wmul@product          cstackCOMMON 0076
__doprnt                 text10       0168
__doprnt@ap              cstackBANK0  0027
__doprnt@c               cstackBANK0  002F
__doprnt@f               cstackBANK0  0026
__doprnt@flag            cstackBANK0  002B
__doprnt@pb              cstackBANK0  0030
__doprnt@prec            cstackBANK0  002C
__doprnt@val             cstackBANK0  002D
__end_of_Text            text2        0168
__end_of___awdiv         text6        0468
__end_of___awmod         text5        04C1
__end_of___lwdiv         text13       0505
__end_of___lwmod         text12       05BB
__end_of___wmul          text16       0634
__end_of__doprnt         text10       029E
__end_of__fptable        functab      0030
__end_of__initialization cinit        0023
__end_of__stringtab      strings      0327
__end_of_atoi            text14       0321
__end_of_concat          text7        057F
__end_of_division        text4        03FF
__end_of_dpowers         strings      0331
__end_of_isdigit         text15       069C
__end_of_isr             text17       05E6
__end_of_main            maintext     068A
__end_of_printf          text3        0670
__end_of_putch           text11       06A5
__end_of_setup           text1        0542
__end_of_sprintf         text9        0655
__end_of_strcat          text8        060F
__fptable                functab      0027
__initialization         cinit        000F
__pbssBANK0              bssBANK0     0069
__pbssBANK1              bssBANK1     00A0
__pbssCOMMON             bssCOMMON    007A
__pcstackBANK0           cstackBANK0  0020
__pcstackBANK1           cstackBANK1  00AA
__pcstackCOMMON          cstackCOMMON 0070
__pfunctab               functab      0027
__pintentry              intentry     0004
__pmaintext              maintext     0670
__pstrings               strings      0321
__ptext1                 text1        0505
__ptext10                text10       0168
__ptext11                text11       069C
__ptext12                text12       057F
__ptext13                text13       04C1
__ptext14                text14       029E
__ptext15                text15       068A
__ptext16                text16       060F
__ptext17                text17       05BB
__ptext2                 text2        0030
__ptext3                 text3        0655
__ptext4                 text4        0394
__ptext5                 text5        0468
__ptext6                 text6        03FF
__ptext7                 text7        0542
__ptext8                 text8        05E6
__ptext9                 text9        0634
__size_of_Text           (abs)        0000
__size_of___awdiv        (abs)        0000
__size_of___awmod        (abs)        0000
__size_of___lwdiv        (abs)        0000
__size_of___lwmod        (abs)        0000
__size_of___wmul         (abs)        0000
__size_of__doprnt        (abs)        0000
__size_of__fptable       (abs)        0000
__size_of_atoi           (abs)        0000
__size_of_concat         (abs)        0000
__size_of_division       (abs)        0000
__size_of_isdigit        (abs)        0000
__size_of_isr            (abs)        0000
__size_of_main           (abs)        0000
__size_of_printf         (abs)        0000
__size_of_putch          (abs)        0000
__size_of_setup          (abs)        0000
__size_of_sprintf        (abs)        0000
__size_of_strcat         (abs)        0000
__stringbase             strings      0326
__stringtab              strings      0321
_atoi                    text14       029E
_cen                     bssBANK0     0069
_centenas                bssBANK0     006C
_con                     bssBANK1     00A6
_concat                  text7        0542
_count                   bssBANK1     00A4
_dec                     bssCOMMON    007A
_decenas                 bssBANK0     006B
_division                text4        0394
_dpowers                 strings      0327
_full                    bssBANK1     00A0
_isdigit                 text15       068A
_isdigit$932             cstackCOMMON 0072
_isr                     text17       05BB
_main                    maintext     0670
_printf                  text3        0655
_putch                   text11       069C
_residuo                 bssCOMMON    007B
_select                  bssBANK1     00A2
_setup                   text1        0505
_sprintf                 text9        0634
_strcat                  text8        05E6
_uni                     bssBANK1     00A8
_unidades                bssBANK0     006A
atoi@a                   cstackBANK0  0023
atoi@s                   cstackBANK0  0025
atoi@sign                cstackBANK0  0022
btemp                    (abs)        007E
concat@a                 cstackBANK0  003A
concat@b                 cstackBANK0  003C
concat@c                 cstackBANK0  0067
concat@s1                cstackBANK0  0053
concat@s2                cstackBANK0  003F
division@valor           cstackCOMMON 0079
end_of_initialization    cinit        0023
fpbase                   functab      002C
fptable                  functab      0027
fptotal                  (abs)        0002
interrupt_function       intentry     0004
intlevel0                functab      0027
intlevel1                functab      0027
intlevel2                functab      0027
intlevel3                functab      0027
intlevel4                functab      0027
intlevel5                functab      0027
isdigit@c                cstackCOMMON 0073
printf@ap                cstackBANK0  0035
printf@f                 cstackBANK0  0036
printf@pb                cstackBANK0  0037
putch@data               cstackCOMMON 0072
reset_vec                reset_vec    0000
saved_w                  (abs)        007E
sprintf@ap               cstackBANK0  0037
sprintf@f                cstackBANK0  0031
sprintf@pb               cstackBANK0  0038
sprintf@wh               cstackBANK0  0036
start                    init         000C
start_initialization     cinit        000F
strcat@cp                cstackCOMMON 0075
strcat@from              cstackCOMMON 0072
strcat@to                cstackCOMMON 0074
wtemp0                   (abs)        007E


FUNCTION INFORMATION:

 *************** function _main *****************
 Defined at:
		line 67 in file "main.c"
 Parameters:    Size  Location     Type
		None
 Auto vars:     Size  Location     Type
		None
 Return value:  Size  Location     Type
                  1    wreg      void 
 Registers used:
		wreg, fsr0l, fsr0h, status,2, status,0, btemp+1, pclath, cstack
 Tracked objects:
		On entry : 
		On exit  : 
		Unchanged: 
 Data sizes:     COMMON   BANK0   BANK1   BANK3   BANK2
      Params:         0       0       0       0       0
      Locals:         0       0       0       0       0
      Temps:          0       0       0       0       0
      Totals:         0       0       0       0       0
Total ram usage:        0 bytes
 Hardware stack levels required when called:    6
 This function calls:
		_Text
		_setup
 This function is called by:
		Startup code after reset
 This function uses a non-reentrant model


 *************** function _setup *****************
 Defined at:
		line 89 in file "main.c"
 Parameters:    Size  Location     Type
		None
 Auto vars:     Size  Location     Type
		None
 Return value:  Size  Location     Type
                  1    wreg      void 
 Registers used:
		wreg, status,2
 Tracked objects:
		On entry : 
		On exit  : 
		Unchanged: 
 Data sizes:     COMMON   BANK0   BANK1   BANK3   BANK2
      Params:         0       0       0       0       0
      Locals:         0       0       0       0       0
      Temps:          0       0       0       0       0
      Totals:         0       0       0       0       0
Total ram usage:        0 bytes
 Hardware stack levels used:    1
 Hardware stack levels required when called:    1
 This function calls:
		Nothing
 This function is called by:
		_main
 This function uses a non-reentrant model


 *************** function _Text *****************
 Defined at:
		line 148 in file "main.c"
 Parameters:    Size  Location     Type
		None
 Auto vars:     Size  Location     Type
		None
 Return value:  Size  Location     Type
                  1    wreg      void 
 Registers used:
		wreg, fsr0l, fsr0h, status,2, status,0, btemp+1, pclath, cstack
 Tracked objects:
		On entry : 
		On exit  : 
		Unchanged: 
 Data sizes:     COMMON   BANK0   BANK1   BANK3   BANK2
      Params:         0       0       0       0       0
      Locals:         0       0       0       0       0
      Temps:          0       0       5       0       0
      Totals:         0       0       5       0       0
Total ram usage:        5 bytes
 Hardware stack levels used:    1
 Hardware stack levels required when called:    5
 This function calls:
		_concat
		_division
		_printf
 This function is called by:
		_main
 This function uses a non-reentrant model


 *************** function _printf *****************
 Defined at:
		line 13 in file "C:\Program Files\Microchip\xc8\v2.31\pic\sources\c90\common\printf.c"
 Parameters:    Size  Location     Type
  f               1    wreg     PTR const unsigned char 
		 -> STR_4(27), STR_3(48), STR_2(2), STR_1(21), 
 Auto vars:     Size  Location     Type
  f               1   22[BANK0 ] PTR const unsigned char 
		 -> STR_4(27), STR_3(48), STR_2(2), STR_1(21), 
  pb              2   23[BANK0 ] struct __prbuf
  ap              1   21[BANK0 ] PTR void [1]
		 -> ?_sprintf(2), ?_printf(2), 
 Return value:  Size  Location     Type
                  2   17[BANK0 ] int 
 Registers used:
		wreg, fsr0l, fsr0h, status,2, status,0, btemp+1, pclath, cstack
 Tracked objects:
		On entry : 
		On exit  : 
		Unchanged: 
 Data sizes:     COMMON   BANK0   BANK1   BANK3   BANK2
      Params:         0       2       0       0       0
      Locals:         0       4       0       0       0
      Temps:          0       2       0       0       0
      Totals:         0       8       0       0       0
Total ram usage:        8 bytes
 Hardware stack levels used:    1
 Hardware stack levels required when called:    3
 This function calls:
		__doprnt
 This function is called by:
		_Text
 This function uses a non-reentrant model


 *************** function _division *****************
 Defined at:
		line 198 in file "main.c"
 Parameters:    Size  Location     Type
  valor           1    wreg     unsigned char 
 Auto vars:     Size  Location     Type
  valor           1    9[COMMON] unsigned char 
 Return value:  Size  Location     Type
                  1    wreg      unsigned char 
 Registers used:
		wreg, status,2, status,0, pclath, cstack
 Tracked objects:
		On entry : 
		On exit  : 
		Unchanged: 
 Data sizes:     COMMON   BANK0   BANK1   BANK3   BANK2
      Params:         0       0       0       0       0
      Locals:         1       0       0       0       0
      Temps:          0       3       0       0       0
      Totals:         1       3       0       0       0
Total ram usage:        4 bytes
 Hardware stack levels used:    1
 Hardware stack levels required when called:    2
 This function calls:
		___awdiv
		___awmod
 This function is called by:
		_Text
 This function uses a non-reentrant model


 *************** function ___awmod *****************
 Defined at:
		line 5 in file "C:\Program Files\Microchip\xc8\v2.31\pic\sources\c90\common\awmod.c"
 Parameters:    Size  Location     Type
  divisor         2    2[COMMON] int 
  dividend        2    4[COMMON] int 
 Auto vars:     Size  Location     Type
  sign            1    8[COMMON] unsigned char 
  counter         1    7[COMMON] unsigned char 
 Return value:  Size  Location     Type
                  2    2[COMMON] int 
 Registers used:
		wreg, status,2, status,0
 Tracked objects:
		On entry : 
		On exit  : 
		Unchanged: 
 Data sizes:     COMMON   BANK0   BANK1   BANK3   BANK2
      Params:         4       0       0       0       0
      Locals:         2       0       0       0       0
      Temps:          1       0       0       0       0
      Totals:         7       0       0       0       0
Total ram usage:        7 bytes
 Hardware stack levels used:    1
 Hardware stack levels required when called:    1
 This function calls:
		Nothing
 This function is called by:
		_division
 This function uses a non-reentrant model


 *************** function ___awdiv *****************
 Defined at:
		line 5 in file "C:\Program Files\Microchip\xc8\v2.31\pic\sources\c90\common\awdiv.c"
 Parameters:    Size  Location     Type
  divisor         2    2[COMMON] int 
  dividend        2    4[COMMON] int 
 Auto vars:     Size  Location     Type
  quotient        2    2[BANK0 ] int 
  sign            1    1[BANK0 ] unsigned char 
  counter         1    0[BANK0 ] unsigned char 
 Return value:  Size  Location     Type
                  2    2[COMMON] int 
 Registers used:
		wreg, status,2, status,0
 Tracked objects:
		On entry : 
		On exit  : 
		Unchanged: 
 Data sizes:     COMMON   BANK0   BANK1   BANK3   BANK2
      Params:         4       0       0       0       0
      Locals:         0       4       0       0       0
      Temps:          1       0       0       0       0
      Totals:         5       4       0       0       0
Total ram usage:        9 bytes
 Hardware stack levels used:    1
 Hardware stack levels required when called:    1
 This function calls:
		Nothing
 This function is called by:
		_division
 This function uses a non-reentrant model


 *************** function _concat *****************
 Defined at:
		line 210 in file "main.c"
 Parameters:    Size  Location     Type
  a               2   26[BANK0 ] int 
  b               2   28[BANK0 ] int 
 Auto vars:     Size  Location     Type
  s1             20   51[BANK0 ] unsigned char [20]
  s2             20   31[BANK0 ] unsigned char [20]
  c               2   71[BANK0 ] int 
 Return value:  Size  Location     Type
                  2   26[BANK0 ] int 
 Registers used:
		wreg, fsr0l, fsr0h, status,2, status,0, btemp+1, pclath, cstack
 Tracked objects:
		On entry : 
		On exit  : 
		Unchanged: 
 Data sizes:     COMMON   BANK0   BANK1   BANK3   BANK2
      Params:         0       4       0       0       0
      Locals:         0      42       0       0       0
      Temps:          0       1       0       0       0
      Totals:         0      47       0       0       0
Total ram usage:       47 bytes
 Hardware stack levels used:    1
 Hardware stack levels required when called:    4
 This function calls:
		_atoi
		_sprintf
		_strcat
 This function is called by:
		_Text
 This function uses a non-reentrant model


 *************** function _strcat *****************
 Defined at:
		line 8 in file "C:\Program Files\Microchip\xc8\v2.31\pic\sources\c90\common\strcat.c"
 Parameters:    Size  Location     Type
  to              1    wreg     PTR unsigned char 
		 -> concat@s1(20), 
  from            1    2[COMMON] PTR const unsigned char 
		 -> concat@s2(20), 
 Auto vars:     Size  Location     Type
  to              1    4[COMMON] PTR unsigned char 
		 -> concat@s1(20), 
  cp              1    5[COMMON] PTR unsigned char 
		 -> concat@s1(20), 
 Return value:  Size  Location     Type
                  1    wreg      PTR unsigned char 
 Registers used:
		wreg, fsr0l, fsr0h, status,2, status,0
 Tracked objects:
		On entry : 
		On exit  : 
		Unchanged: 
 Data sizes:     COMMON   BANK0   BANK1   BANK3   BANK2
      Params:         1       0       0       0       0
      Locals:         2       0       0       0       0
      Temps:          1       0       0       0       0
      Totals:         4       0       0       0       0
Total ram usage:        4 bytes
 Hardware stack levels used:    1
 Hardware stack levels required when called:    1
 This function calls:
		Nothing
 This function is called by:
		_concat
 This function uses a non-reentrant model


 *************** function _sprintf *****************
 Defined at:
		line 13 in file "C:\Program Files\Microchip\xc8\v2.31\pic\sources\c90\common\sprintf.c"
 Parameters:    Size  Location     Type
  wh              1    wreg     PTR unsigned char 
		 -> concat@s2(20), concat@s1(20), 
  f               1   17[BANK0 ] PTR const unsigned char 
		 -> STR_6(3), STR_5(3), 
 Auto vars:     Size  Location     Type
  wh              1   22[BANK0 ] PTR unsigned char 
		 -> concat@s2(20), concat@s1(20), 
  pb              2   24[BANK0 ] struct __prbuf
  ap              1   23[BANK0 ] PTR void [1]
		 -> ?_sprintf(2), ?_printf(2), 
 Return value:  Size  Location     Type
                  2   17[BANK0 ] int 
 Registers used:
		wreg, fsr0l, fsr0h, status,2, status,0, btemp+1, pclath, cstack
 Tracked objects:
		On entry : 
		On exit  : 
		Unchanged: 
 Data sizes:     COMMON   BANK0   BANK1   BANK3   BANK2
      Params:         0       3       0       0       0
      Locals:         0       4       0       0       0
      Temps:          0       2       0       0       0
      Totals:         0       9       0       0       0
Total ram usage:        9 bytes
 Hardware stack levels used:    1
 Hardware stack levels required when called:    3
 This function calls:
		__doprnt
 This function is called by:
		_concat
 This function uses a non-reentrant model


 *************** function __doprnt *****************
 Defined at:
		line 471 in file "C:\Program Files\Microchip\xc8\v2.31\pic\sources\c90\common\doprnt.c"
 Parameters:    Size  Location     Type
  pb              1    wreg     PTR struct __prbuf
		 -> sprintf@pb(2), printf@pb(2), 
  f               1    6[BANK0 ] PTR const unsigned char 
		 -> STR_6(3), STR_5(3), STR_4(27), STR_3(48), 
		 -> STR_2(2), STR_1(21), 
  ap              1    7[BANK0 ] PTR PTR void 
		 -> sprintf@ap(1), printf@ap(1), 
 Auto vars:     Size  Location     Type
  pb              1   16[BANK0 ] PTR struct __prbuf
		 -> sprintf@pb(2), printf@pb(2), 
  tmpval          4    0        struct .
  val             2   13[BANK0 ] unsigned int 
  cp              2    0        PTR const unsigned char 
  len             2    0        unsigned int 
  c               1   15[BANK0 ] unsigned char 
  prec            1   12[BANK0 ] char 
  flag            1   11[BANK0 ] unsigned char 
 Return value:  Size  Location     Type
                  2    6[BANK0 ] int 
 Registers used:
		wreg, fsr0l, fsr0h, status,2, status,0, btemp+1, pclath, cstack
 Tracked objects:
		On entry : 
		On exit  : 
		Unchanged: 
 Data sizes:     COMMON   BANK0   BANK1   BANK3   BANK2
      Params:         0       2       0       0       0
      Locals:         0       6       0       0       0
      Temps:          0       3       0       0       0
      Totals:         0      11       0       0       0
Total ram usage:       11 bytes
 Hardware stack levels used:    1
 Hardware stack levels required when called:    2
 This function calls:
		Absolute function
		___lwdiv
		___lwmod
		_putch
 This function is called by:
		_printf
		_sprintf
 This function uses a non-reentrant model


 *************** function _putch *****************
 Defined at:
		line 82 in file "main.c"
 Parameters:    Size  Location     Type
  data            1    2[COMMON] unsigned char 
 Auto vars:     Size  Location     Type
		None
 Return value:  Size  Location     Type
                  1    wreg      void 
 Registers used:
		wreg
 Tracked objects:
		On entry : 
		On exit  : 
		Unchanged: 
 Data sizes:     COMMON   BANK0   BANK1   BANK3   BANK2
      Params:         1       0       0       0       0
      Locals:         0       0       0       0       0
      Temps:          0       0       0       0       0
      Totals:         1       0       0       0       0
Total ram usage:        1 bytes
 Hardware stack levels used:    1
 Hardware stack levels required when called:    1
 This function calls:
		Nothing
 This function is called by:
		_printf
		__doprnt
 This function uses a non-reentrant model


 *************** function ___lwmod *****************
 Defined at:
		line 5 in file "C:\Program Files\Microchip\xc8\v2.31\pic\sources\c90\common\lwmod.c"
 Parameters:    Size  Location     Type
  divisor         2    0[BANK0 ] unsigned int 
  dividend        2    2[BANK0 ] unsigned int 
 Auto vars:     Size  Location     Type
  counter         1    5[BANK0 ] unsigned char 
 Return value:  Size  Location     Type
                  2    0[BANK0 ] unsigned int 
 Registers used:
		wreg, status,2, status,0
 Tracked objects:
		On entry : 
		On exit  : 
		Unchanged: 
 Data sizes:     COMMON   BANK0   BANK1   BANK3   BANK2
      Params:         0       4       0       0       0
      Locals:         0       1       0       0       0
      Temps:          0       1       0       0       0
      Totals:         0       6       0       0       0
Total ram usage:        6 bytes
 Hardware stack levels used:    1
 Hardware stack levels required when called:    1
 This function calls:
		Nothing
 This function is called by:
		__doprnt
 This function uses a non-reentrant model


 *************** function ___lwdiv *****************
 Defined at:
		line 5 in file "C:\Program Files\Microchip\xc8\v2.31\pic\sources\c90\common\lwdiv.c"
 Parameters:    Size  Location     Type
  divisor         2    2[COMMON] unsigned int 
  dividend        2    4[COMMON] unsigned int 
 Auto vars:     Size  Location     Type
  quotient        2    7[COMMON] unsigned int 
  counter         1    9[COMMON] unsigned char 
 Return value:  Size  Location     Type
                  2    2[COMMON] unsigned int 
 Registers used:
		wreg, status,2, status,0
 Tracked objects:
		On entry : 
		On exit  : 
		Unchanged: 
 Data sizes:     COMMON   BANK0   BANK1   BANK3   BANK2
      Params:         4       0       0       0       0
      Locals:         3       0       0       0       0
      Temps:          1       0       0       0       0
      Totals:         8       0       0       0       0
Total ram usage:        8 bytes
 Hardware stack levels used:    1
 Hardware stack levels required when called:    1
 This function calls:
		Nothing
 This function is called by:
		__doprnt
 This function uses a non-reentrant model


 *************** function _atoi *****************
 Defined at:
		line 5 in file "C:\Program Files\Microchip\xc8\v2.31\pic\sources\c90\common\atoi.c"
 Parameters:    Size  Location     Type
  s               1    wreg     PTR const unsigned char 
		 -> concat@s1(20), 
 Auto vars:     Size  Location     Type
  s               1    5[BANK0 ] PTR const unsigned char 
		 -> concat@s1(20), 
  a               2    3[BANK0 ] int 
  sign            1    2[BANK0 ] unsigned char 
 Return value:  Size  Location     Type
                  2    8[COMMON] int 
 Registers used:
		wreg, fsr0l, fsr0h, status,2, status,0, pclath, cstack
 Tracked objects:
		On entry : 
		On exit  : 
		Unchanged: 
 Data sizes:     COMMON   BANK0   BANK1   BANK3   BANK2
      Params:         2       0       0       0       0
      Locals:         0       4       0       0       0
      Temps:          0       2       0       0       0
      Totals:         2       6       0       0       0
Total ram usage:        8 bytes
 Hardware stack levels used:    1
 Hardware stack levels required when called:    2
 This function calls:
		___wmul
		_isdigit
 This function is called by:
		_concat
 This function uses a non-reentrant model


 *************** function _isdigit *****************
 Defined at:
		line 8 in file "C:\Program Files\Microchip\xc8\v2.31\pic\sources\c90\common\isdigit.c"
 Parameters:    Size  Location     Type
  c               1    wreg     unsigned char 
 Auto vars:     Size  Location     Type
  c               1    3[COMMON] unsigned char 
 Return value:  Size  Location     Type
		None               void
 Registers used:
		wreg, status,2, status,0
 Tracked objects:
		On entry : 
		On exit  : 
		Unchanged: 
 Data sizes:     COMMON   BANK0   BANK1   BANK3   BANK2
      Params:         0       0       0       0       0
      Locals:         2       0       0       0       0
      Temps:          0       0       0       0       0
      Totals:         2       0       0       0       0
Total ram usage:        2 bytes
 Hardware stack levels used:    1
 Hardware stack levels required when called:    1
 This function calls:
		Nothing
 This function is called by:
		_atoi
 This function uses a non-reentrant model


 *************** function ___wmul *****************
 Defined at:
		line 15 in file "C:\Program Files\Microchip\xc8\v2.31\pic\sources\c90\common\Umul16.c"
 Parameters:    Size  Location     Type
  multiplier      2    2[COMMON] unsigned int 
  multiplicand    2    4[COMMON] unsigned int 
 Auto vars:     Size  Location     Type
  product         2    6[COMMON] unsigned int 
 Return value:  Size  Location     Type
                  2    2[COMMON] unsigned int 
 Registers used:
		wreg, status,2, status,0
 Tracked objects:
		On entry : 
		On exit  : 
		Unchanged: 
 Data sizes:     COMMON   BANK0   BANK1   BANK3   BANK2
      Params:         4       0       0       0       0
      Locals:         2       0       0       0       0
      Temps:          0       0       0       0       0
      Totals:         6       0       0       0       0
Total ram usage:        6 bytes
 Hardware stack levels used:    1
 Hardware stack levels required when called:    1
 This function calls:
		Nothing
 This function is called by:
		_atoi
 This function uses a non-reentrant model


 *************** function _isr *****************
 Defined at:
		line 49 in file "main.c"
 Parameters:    Size  Location     Type
		None
 Auto vars:     Size  Location     Type
		None
 Return value:  Size  Location     Type
                  1    wreg      void 
 Registers used:
		wreg, status,2, status,0
 Tracked objects:
		On entry : 
		On exit  : 
		Unchanged: 
 Data sizes:     COMMON   BANK0   BANK1   BANK3   BANK2
      Params:         0       0       0       0       0
      Locals:         0       0       0       0       0
      Temps:          2       0       0       0       0
      Totals:         2       0       0       0       0
Total ram usage:        2 bytes
 Hardware stack levels used:    1
 This function calls:
		Nothing
 This function is called by:
		Interrupt level 1
 This function uses a non-reentrant model



MODULE INFORMATION

Module		Function		Class		Link	Load	Size
C:\Program Files\Microchip\xc8\v2.31\pic\sources\c90\common\doprnt.c
		__doprnt       		CODE           	0168	0000	310

C:\Program Files\Microchip\xc8\v2.31\pic\sources\c90\common\doprnt.c estimated size: 310

C:\Program Files\Microchip\xc8\v2.31\pic\sources\c90\common\lwmod.c
		___lwmod       		CODE           	057F	0000	60

C:\Program Files\Microchip\xc8\v2.31\pic\sources\c90\common\lwmod.c estimated size: 60

C:\Program Files\Microchip\xc8\v2.31\pic\sources\c90\common\awmod.c
		___awmod       		CODE           	0468	0000	89

C:\Program Files\Microchip\xc8\v2.31\pic\sources\c90\common\awmod.c estimated size: 89

C:\Program Files\Microchip\xc8\v2.31\pic\sources\c90\common\Umul16.c
		___wmul        		CODE           	060F	0000	37

C:\Program Files\Microchip\xc8\v2.31\pic\sources\c90\common\Umul16.c estimated size: 37

C:\Program Files\Microchip\xc8\v2.31\pic\sources\c90\common\isdigit.c
		_isdigit       		CODE           	068A	0000	18

C:\Program Files\Microchip\xc8\v2.31\pic\sources\c90\common\isdigit.c estimated size: 18

C:\Program Files\Microchip\xc8\v2.31\pic\sources\c90\common\atoi.c
		_atoi          		CODE           	029E	0000	131

C:\Program Files\Microchip\xc8\v2.31\pic\sources\c90\common\atoi.c estimated size: 131

C:\Program Files\Microchip\xc8\v2.31\pic\sources\c90\common\strcat.c
		_strcat        		CODE           	05E6	0000	41

C:\Program Files\Microchip\xc8\v2.31\pic\sources\c90\common\strcat.c estimated size: 41

C:\Program Files\Microchip\xc8\v2.31\pic\sources\c90\common\sprintf.c
		_sprintf       		CODE           	0634	0000	33

C:\Program Files\Microchip\xc8\v2.31\pic\sources\c90\common\sprintf.c estimated size: 33

C:\Program Files\Microchip\xc8\v2.31\pic\sources\c90\common\lwdiv.c
		___lwdiv       		CODE           	04C1	0000	68

C:\Program Files\Microchip\xc8\v2.31\pic\sources\c90\common\lwdiv.c estimated size: 68

C:\Program Files\Microchip\xc8\v2.31\pic\sources\c90\common\awdiv.c
		___awdiv       		CODE           	03FF	0000	105

C:\Program Files\Microchip\xc8\v2.31\pic\sources\c90\common\awdiv.c estimated size: 105

shared
		__stringtab    		STRING         	0321	0000	6
		_dpowers       		STRING         	0327	0000	10
		__initialization		CODE           	000F	0000	20
		__fptable      		ENTRY          	0027	0000	9

shared estimated size: 45

C:\Program Files\Microchip\xc8\v2.31\pic\sources\c90\common\printf.c
		_printf        		CODE           	0655	0000	27

C:\Program Files\Microchip\xc8\v2.31\pic\sources\c90\common\printf.c estimated size: 27

main.c
		_putch         		CODE           	069C	0000	9
		_Text          		CODE           	0030	0000	312
		_main          		CODE           	0670	0000	26
		_concat        		CODE           	0542	0000	61
		_isr           		CODE           	05BB	0000	43
		_division      		CODE           	0394	0000	107
		_setup         		CODE           	0505	0000	61

main.c estimated size: 619

